Running rhub_setup() to create .github/workflows/rhub.yaml ...
NULL
Workflow exists: TRUE 
Workflow path: /Users/btheriault/Documents/R/gooseR/.github/workflows/rhub.yaml 
--- rhub.yaml (first 40 lines) ---
# R-hub's generic GitHub Actions workflow file. It's canonical location is at
# https://github.com/r-hub/actions/blob/v1/workflows/rhub.yaml
# You can update this file to a newer version using the rhub2 package:
#
# rhub::rhub_setup()
#
# It is unlikely that you need to modify this file manually.

name: R-hub
run-name: "${{ github.event.inputs.id }}: ${{ github.event.inputs.name || format('Manually run by {0}', github.triggering_actor) }}"

on:
  workflow_dispatch:
    inputs:
      config:
        description: 'A comma separated list of R-hub platforms to use.'
        type: string
        default: 'linux,windows,macos'
      name:
        description: 'Run name. You can leave this empty now.'
        type: string
      id:
        description: 'Unique ID. You can leave this empty now.'
        type: string

jobs:

  setup:
    runs-on: ubuntu-latest
    outputs:
      containers: ${{ steps.rhub-setup.outputs.containers }}
      platforms: ${{ steps.rhub-setup.outputs.platforms }}

    steps:
    # NO NEED TO CHECKOUT HERE
    - uses: r-hub/actions/setup@v1
      with:
        config: ${{ github.event.inputs.config }}
      id: rhub-setup

