== Quick Resubmission Build ==
* checking for file ‘./DESCRIPTION’ ... OK
* preparing ‘gooseR’:
* checking DESCRIPTION meta-information ... OK
* installing the package to build vignettes
* creating vignettes ... OK
* checking for LF line-endings in source and make files and shell scripts
* checking for empty or unneeded directories
Removed empty directory ‘gooseR/.goose/memory/r_objects’
* building ‘gooseR_0.1.0.tar.gz’

== Quick Check for Fixed Issues ==
* checking CRAN incoming feasibility ... [3s/17s] NOTE
Maintainer: ‘Brandon Theriault <btheriault@block.xyz>’

New submission
* checking package namespace information ... OK
* checking package dependencies ... INFO

== Verify README URL Fix ==
[more on goose here](https://block.github.io/goose/docs/quickstart/)

== Verify DESCRIPTION Fix ==
    Save R objects to Goose memory, apply brand-consistent 'ggplot2' themes,
    ggplot2,

Package ready for resubmission: gooseR_0.1.0.tar.gz
-rw-r--r--@ 1 btheriault  staff   139K Dec  3 11:00 gooseR_0.1.0.tar.gz
