rm 'gooseR.Rcheck/00_pkg_src/gooseR/DESCRIPTION'
rm 'gooseR.Rcheck/00_pkg_src/gooseR/LICENSE'
rm 'gooseR.Rcheck/00_pkg_src/gooseR/NAMESPACE'
rm 'gooseR.Rcheck/00_pkg_src/gooseR/NEWS.md'
rm 'gooseR.Rcheck/00_pkg_src/gooseR/R/addins.R'
rm 'gooseR.Rcheck/00_pkg_src/gooseR/R/ai_assistant.R'
rm 'gooseR.Rcheck/00_pkg_src/gooseR/R/async.R'
rm 'gooseR.Rcheck/00_pkg_src/gooseR/R/branding.R'
rm 'gooseR.Rcheck/00_pkg_src/gooseR/R/cache.R'
rm 'gooseR.Rcheck/00_pkg_src/gooseR/R/cli_integration.R'
rm 'gooseR.Rcheck/00_pkg_src/gooseR/R/globals.R'
rm 'gooseR.Rcheck/00_pkg_src/gooseR/R/gooseR-package.R'
rm 'gooseR.Rcheck/00_pkg_src/gooseR/R/memory.R'
rm 'gooseR.Rcheck/00_pkg_src/gooseR/R/quarto_integration.R'
rm 'gooseR.Rcheck/00_pkg_src/gooseR/R/streaming.R'
rm 'gooseR.Rcheck/00_pkg_src/gooseR/R/templates.R'
rm 'gooseR.Rcheck/00_pkg_src/gooseR/R/ui_components.R'
rm 'gooseR.Rcheck/00_pkg_src/gooseR/R/utils-pipe.R'
rm 'gooseR.Rcheck/00_pkg_src/gooseR/README.md'
rm 'gooseR.Rcheck/00_pkg_src/gooseR/build/vignette.rds'
rm 'gooseR.Rcheck/00_pkg_src/gooseR/inst/CITATION'
rm 'gooseR.Rcheck/00_pkg_src/gooseR/inst/brands/block/block_brand.yaml'
rm 'gooseR.Rcheck/00_pkg_src/gooseR/inst/brands/templates/brand_template.yaml'
rm 'gooseR.Rcheck/00_pkg_src/gooseR/inst/doc/gooseR-overview.R'
rm 'gooseR.Rcheck/00_pkg_src/gooseR/inst/doc/gooseR-overview.Rmd'
rm 'gooseR.Rcheck/00_pkg_src/gooseR/inst/doc/gooseR-overview.html'
rm 'gooseR.Rcheck/00_pkg_src/gooseR/inst/doc/use-case-demo.R'
rm 'gooseR.Rcheck/00_pkg_src/gooseR/inst/doc/use-case-demo.Rmd'
rm 'gooseR.Rcheck/00_pkg_src/gooseR/inst/doc/use-case-demo.html'
rm 'gooseR.Rcheck/00_pkg_src/gooseR/inst/examples/block_brand_demo.R'
rm 'gooseR.Rcheck/00_pkg_src/gooseR/inst/examples/branding_demo.R'
rm 'gooseR.Rcheck/00_pkg_src/gooseR/inst/examples/memory_demo.R'
rm 'gooseR.Rcheck/00_pkg_src/gooseR/inst/examples/phase3_cli_demo.R'
rm 'gooseR.Rcheck/00_pkg_src/gooseR/inst/examples/phase4_advanced_demo.R'
rm 'gooseR.Rcheck/00_pkg_src/gooseR/inst/examples/phase5_demo.R'
rm 'gooseR.Rcheck/00_pkg_src/gooseR/inst/examples/test_gooseR_phase3.R'
rm 'gooseR.Rcheck/00_pkg_src/gooseR/inst/rstudio/addins.dcf'
rm 'gooseR.Rcheck/00_pkg_src/gooseR/man/StreamHandler.Rd'
rm 'gooseR.Rcheck/00_pkg_src/gooseR/man/StreamSession.Rd'
rm 'gooseR.Rcheck/00_pkg_src/gooseR/man/WorkerPool.Rd'
rm 'gooseR.Rcheck/00_pkg_src/gooseR/man/blend_colors.Rd'
rm 'gooseR.Rcheck/00_pkg_src/gooseR/man/brand_css.Rd'
rm 'gooseR.Rcheck/00_pkg_src/gooseR/man/brand_css_inline.Rd'
rm 'gooseR.Rcheck/00_pkg_src/gooseR/man/brand_palette.Rd'
rm 'gooseR.Rcheck/00_pkg_src/gooseR/man/brand_rmd_template.Rd'
rm 'gooseR.Rcheck/00_pkg_src/gooseR/man/clean_documentation.Rd'
rm 'gooseR.Rcheck/00_pkg_src/gooseR/man/create_memory_entry.Rd'
rm 'gooseR.Rcheck/00_pkg_src/gooseR/man/extract_font_suggestions.Rd'
rm 'gooseR.Rcheck/00_pkg_src/gooseR/man/extract_hex_colors.Rd'
rm 'gooseR.Rcheck/00_pkg_src/gooseR/man/extract_r_code.Rd'
rm 'gooseR.Rcheck/00_pkg_src/gooseR/man/extract_section.Rd'
rm 'gooseR.Rcheck/00_pkg_src/gooseR/man/extract_session_id.Rd'
rm 'gooseR.Rcheck/00_pkg_src/gooseR/man/generate_diverging_palette.Rd'
rm 'gooseR.Rcheck/00_pkg_src/gooseR/man/generate_sequential_palette.Rd'
rm 'gooseR.Rcheck/00_pkg_src/gooseR/man/get_brand_dir.Rd'
rm 'gooseR.Rcheck/00_pkg_src/gooseR/man/get_memory_path.Rd'
rm 'gooseR.Rcheck/00_pkg_src/gooseR/man/gooseR-branding.Rd'
rm 'gooseR.Rcheck/00_pkg_src/gooseR/man/gooseR-package.Rd'
rm 'gooseR.Rcheck/00_pkg_src/gooseR/man/goose_addin_chat.Rd'
rm 'gooseR.Rcheck/00_pkg_src/gooseR/man/goose_addin_quick.Rd'
rm 'gooseR.Rcheck/00_pkg_src/gooseR/man/goose_addin_review.Rd'
rm 'gooseR.Rcheck/00_pkg_src/gooseR/man/goose_addin_snippet.Rd'
rm 'gooseR.Rcheck/00_pkg_src/gooseR/man/goose_addin_template.Rd'
rm 'gooseR.Rcheck/00_pkg_src/gooseR/man/goose_ask.Rd'
rm 'gooseR.Rcheck/00_pkg_src/gooseR/man/goose_async.Rd'
rm 'gooseR.Rcheck/00_pkg_src/gooseR/man/goose_async_retry.Rd'
rm 'gooseR.Rcheck/00_pkg_src/gooseR/man/goose_async_timeout.Rd'
rm 'gooseR.Rcheck/00_pkg_src/gooseR/man/goose_batch.Rd'
rm 'gooseR.Rcheck/00_pkg_src/gooseR/man/goose_batch_file.Rd'
rm 'gooseR.Rcheck/00_pkg_src/gooseR/man/goose_cache_clear.Rd'
rm 'gooseR.Rcheck/00_pkg_src/gooseR/man/goose_cache_export.Rd'
rm 'gooseR.Rcheck/00_pkg_src/gooseR/man/goose_cache_get.Rd'
rm 'gooseR.Rcheck/00_pkg_src/gooseR/man/goose_cache_import.Rd'
rm 'gooseR.Rcheck/00_pkg_src/gooseR/man/goose_cache_init.Rd'
rm 'gooseR.Rcheck/00_pkg_src/gooseR/man/goose_cache_set.Rd'
rm 'gooseR.Rcheck/00_pkg_src/gooseR/man/goose_cache_stats.Rd'
rm 'gooseR.Rcheck/00_pkg_src/gooseR/man/goose_cache_ui.Rd'
rm 'gooseR.Rcheck/00_pkg_src/gooseR/man/goose_cache_warmup.Rd'
rm 'gooseR.Rcheck/00_pkg_src/gooseR/man/goose_cached.Rd'
rm 'gooseR.Rcheck/00_pkg_src/gooseR/man/goose_check_installation.Rd'
rm 'gooseR.Rcheck/00_pkg_src/gooseR/man/goose_configure.Rd'
rm 'gooseR.Rcheck/00_pkg_src/gooseR/man/goose_conversation_ui.Rd'
rm 'gooseR.Rcheck/00_pkg_src/gooseR/man/goose_create_brand.Rd'
rm 'gooseR.Rcheck/00_pkg_src/gooseR/man/goose_create_brand_ai.Rd'
rm 'gooseR.Rcheck/00_pkg_src/gooseR/man/goose_create_quarto.Rd'
rm 'gooseR.Rcheck/00_pkg_src/gooseR/man/goose_create_report.Rd'
rm 'gooseR.Rcheck/00_pkg_src/gooseR/man/goose_create_template.Rd'
rm 'gooseR.Rcheck/00_pkg_src/gooseR/man/goose_delete.Rd'
rm 'gooseR.Rcheck/00_pkg_src/gooseR/man/goose_document.Rd'
rm 'gooseR.Rcheck/00_pkg_src/gooseR/man/goose_explain_error.Rd'
rm 'gooseR.Rcheck/00_pkg_src/gooseR/man/goose_generate_tests.Rd'
rm 'gooseR.Rcheck/00_pkg_src/gooseR/man/goose_get_config.Rd'
rm 'gooseR.Rcheck/00_pkg_src/gooseR/man/goose_insert_chunk.Rd'
rm 'gooseR.Rcheck/00_pkg_src/gooseR/man/goose_list.Rd'
rm 'gooseR.Rcheck/00_pkg_src/gooseR/man/goose_load.Rd'
rm 'gooseR.Rcheck/00_pkg_src/gooseR/man/goose_map.Rd'
rm 'gooseR.Rcheck/00_pkg_src/gooseR/man/goose_mapreduce.Rd'
rm 'gooseR.Rcheck/00_pkg_src/gooseR/man/goose_optimize_palette.Rd'
rm 'gooseR.Rcheck/00_pkg_src/gooseR/man/goose_optimize_plot.Rd'
rm 'gooseR.Rcheck/00_pkg_src/gooseR/man/goose_pipeline.Rd'
rm 'gooseR.Rcheck/00_pkg_src/gooseR/man/goose_quarto_chunk.Rd'
rm 'gooseR.Rcheck/00_pkg_src/gooseR/man/goose_query.Rd'
rm 'gooseR.Rcheck/00_pkg_src/gooseR/man/goose_recipe.Rd'
rm 'gooseR.Rcheck/00_pkg_src/gooseR/man/goose_reduce.Rd'
rm 'gooseR.Rcheck/00_pkg_src/gooseR/man/goose_review_code.Rd'
rm 'gooseR.Rcheck/00_pkg_src/gooseR/man/goose_rmd_ai.Rd'
rm 'gooseR.Rcheck/00_pkg_src/gooseR/man/goose_save.Rd'
rm 'gooseR.Rcheck/00_pkg_src/gooseR/man/goose_session.Rd'
rm 'gooseR.Rcheck/00_pkg_src/gooseR/man/goose_stream.Rd'
rm 'gooseR.Rcheck/00_pkg_src/gooseR/man/goose_stream_async.Rd'
rm 'gooseR.Rcheck/00_pkg_src/gooseR/man/goose_stream_multi.Rd'
rm 'gooseR.Rcheck/00_pkg_src/gooseR/man/goose_stream_session.Rd'
rm 'gooseR.Rcheck/00_pkg_src/gooseR/man/goose_suggest_colors.Rd'
rm 'gooseR.Rcheck/00_pkg_src/gooseR/man/goose_template.Rd'
rm 'gooseR.Rcheck/00_pkg_src/gooseR/man/goose_template_apply.Rd'
rm 'gooseR.Rcheck/00_pkg_src/gooseR/man/goose_template_builtin.Rd'
rm 'gooseR.Rcheck/00_pkg_src/gooseR/man/goose_template_from_query.Rd'
rm 'gooseR.Rcheck/00_pkg_src/gooseR/man/goose_template_list.Rd'
rm 'gooseR.Rcheck/00_pkg_src/gooseR/man/goose_template_load.Rd'
rm 'gooseR.Rcheck/00_pkg_src/gooseR/man/goose_template_save.Rd'
rm 'gooseR.Rcheck/00_pkg_src/gooseR/man/goose_template_validate.Rd'
rm 'gooseR.Rcheck/00_pkg_src/gooseR/man/goose_test_cli.Rd'
rm 'gooseR.Rcheck/00_pkg_src/gooseR/man/goose_version.Rd'
rm 'gooseR.Rcheck/00_pkg_src/gooseR/man/goose_worker_pool.Rd'
rm 'gooseR.Rcheck/00_pkg_src/gooseR/man/load_brand.Rd'
rm 'gooseR.Rcheck/00_pkg_src/gooseR/man/parse_code_review.Rd'
rm 'gooseR.Rcheck/00_pkg_src/gooseR/man/parse_memory_file.Rd'
rm 'gooseR.Rcheck/00_pkg_src/gooseR/man/parse_session_list.Rd'
rm 'gooseR.Rcheck/00_pkg_src/gooseR/man/pipe.Rd'
rm 'gooseR.Rcheck/00_pkg_src/gooseR/man/preview_brand.Rd'
rm 'gooseR.Rcheck/00_pkg_src/gooseR/man/print.goose_cache_stats.Rd'
rm 'gooseR.Rcheck/00_pkg_src/gooseR/man/print.goose_code_review.Rd'
rm 'gooseR.Rcheck/00_pkg_src/gooseR/man/print.goose_error_explanation.Rd'
rm 'gooseR.Rcheck/00_pkg_src/gooseR/man/print.goose_palette.Rd'
rm 'gooseR.Rcheck/00_pkg_src/gooseR/man/print.goose_session.Rd'
rm 'gooseR.Rcheck/00_pkg_src/gooseR/man/print.goose_template.Rd'
rm 'gooseR.Rcheck/00_pkg_src/gooseR/man/register_goose_engine.Rd'
rm 'gooseR.Rcheck/00_pkg_src/gooseR/man/remove_entry_from_lines.Rd'
rm 'gooseR.Rcheck/00_pkg_src/gooseR/man/remove_memory_entry.Rd'
rm 'gooseR.Rcheck/00_pkg_src/gooseR/man/theme_brand.Rd'
rm 'gooseR.Rcheck/00_pkg_src/gooseR/man/update_memory_metadata.Rd'
rm 'gooseR.Rcheck/00_pkg_src/gooseR/man/validate_brand.Rd'
rm 'gooseR.Rcheck/00_pkg_src/gooseR/tests/manual/comprehensive_test.R'
rm 'gooseR.Rcheck/00_pkg_src/gooseR/tests/manual/final_test.R'
rm 'gooseR.Rcheck/00_pkg_src/gooseR/tests/manual/test_fixed.R'
rm 'gooseR.Rcheck/00_pkg_src/gooseR/tests/manual/test_phase4.R'
rm 'gooseR.Rcheck/00_pkg_src/gooseR/tests/testthat.R'
rm 'gooseR.Rcheck/00_pkg_src/gooseR/tests/testthat/test-memory.R'
rm 'gooseR.Rcheck/00_pkg_src/gooseR/vignettes/gooseR-overview.Rmd'
rm 'gooseR.Rcheck/00_pkg_src/gooseR/vignettes/use-case-demo.Rmd'
rm 'gooseR.Rcheck/00check.log'
rm 'gooseR.Rcheck/00install.out'
rm 'gooseR.Rcheck/R_check_bin/R'
rm 'gooseR.Rcheck/R_check_bin/Rscript'
rm 'gooseR.Rcheck/gooseR-Ex.R'
rm 'gooseR.Rcheck/gooseR-Ex.Rout'
rm 'gooseR.Rcheck/gooseR-Ex.pdf'
rm 'gooseR.Rcheck/gooseR-Ex.timings'
rm 'gooseR.Rcheck/gooseR/CITATION'
rm 'gooseR.Rcheck/gooseR/DESCRIPTION'
rm 'gooseR.Rcheck/gooseR/INDEX'
rm 'gooseR.Rcheck/gooseR/LICENSE'
rm 'gooseR.Rcheck/gooseR/Meta/Rd.rds'
rm 'gooseR.Rcheck/gooseR/Meta/features.rds'
rm 'gooseR.Rcheck/gooseR/Meta/hsearch.rds'
rm 'gooseR.Rcheck/gooseR/Meta/links.rds'
rm 'gooseR.Rcheck/gooseR/Meta/nsInfo.rds'
rm 'gooseR.Rcheck/gooseR/Meta/package.rds'
rm 'gooseR.Rcheck/gooseR/Meta/vignette.rds'
rm 'gooseR.Rcheck/gooseR/NAMESPACE'
rm 'gooseR.Rcheck/gooseR/NEWS.md'
rm 'gooseR.Rcheck/gooseR/R/gooseR'
rm 'gooseR.Rcheck/gooseR/R/gooseR.rdb'
rm 'gooseR.Rcheck/gooseR/R/gooseR.rdx'
rm 'gooseR.Rcheck/gooseR/brands/block/block_brand.yaml'
rm 'gooseR.Rcheck/gooseR/brands/templates/brand_template.yaml'
rm 'gooseR.Rcheck/gooseR/doc/gooseR-overview.R'
rm 'gooseR.Rcheck/gooseR/doc/gooseR-overview.Rmd'
rm 'gooseR.Rcheck/gooseR/doc/gooseR-overview.html'
rm 'gooseR.Rcheck/gooseR/doc/index.html'
rm 'gooseR.Rcheck/gooseR/doc/use-case-demo.R'
rm 'gooseR.Rcheck/gooseR/doc/use-case-demo.Rmd'
rm 'gooseR.Rcheck/gooseR/doc/use-case-demo.html'
rm 'gooseR.Rcheck/gooseR/examples/block_brand_demo.R'
rm 'gooseR.Rcheck/gooseR/examples/branding_demo.R'
rm 'gooseR.Rcheck/gooseR/examples/memory_demo.R'
rm 'gooseR.Rcheck/gooseR/examples/phase3_cli_demo.R'
rm 'gooseR.Rcheck/gooseR/examples/phase4_advanced_demo.R'
rm 'gooseR.Rcheck/gooseR/examples/phase5_demo.R'
rm 'gooseR.Rcheck/gooseR/examples/test_gooseR_phase3.R'
rm 'gooseR.Rcheck/gooseR/help/AnIndex'
rm 'gooseR.Rcheck/gooseR/help/aliases.rds'
rm 'gooseR.Rcheck/gooseR/help/gooseR.rdb'
rm 'gooseR.Rcheck/gooseR/help/gooseR.rdx'
rm 'gooseR.Rcheck/gooseR/help/paths.rds'
rm 'gooseR.Rcheck/gooseR/html/00Index.html'
rm 'gooseR.Rcheck/gooseR/html/R.css'
rm 'gooseR.Rcheck/gooseR/rstudio/addins.dcf'
rm 'gooseR.Rcheck/tests/manual/comprehensive_test.R'
rm 'gooseR.Rcheck/tests/manual/final_test.R'
rm 'gooseR.Rcheck/tests/manual/test_fixed.R'
rm 'gooseR.Rcheck/tests/manual/test_phase4.R'
rm 'gooseR.Rcheck/tests/startup.Rs'
rm 'gooseR.Rcheck/tests/testthat.R'
rm 'gooseR.Rcheck/tests/testthat.Rout'
rm 'gooseR.Rcheck/tests/testthat/test-memory.R'
[main_branch a350a10] chore: CRAN preflight updates + R-hub v2 workflow
 222 files changed, 459 insertions(+), 20541 deletions(-)
 create mode 100644 cran-comments.md
 delete mode 100644 gooseR.Rcheck/00_pkg_src/gooseR/DESCRIPTION
 delete mode 100644 gooseR.Rcheck/00_pkg_src/gooseR/LICENSE
 delete mode 100644 gooseR.Rcheck/00_pkg_src/gooseR/NAMESPACE
 delete mode 100644 gooseR.Rcheck/00_pkg_src/gooseR/NEWS.md
 delete mode 100644 gooseR.Rcheck/00_pkg_src/gooseR/R/addins.R
 delete mode 100644 gooseR.Rcheck/00_pkg_src/gooseR/R/ai_assistant.R
 delete mode 100644 gooseR.Rcheck/00_pkg_src/gooseR/R/async.R
 delete mode 100644 gooseR.Rcheck/00_pkg_src/gooseR/R/branding.R
 delete mode 100644 gooseR.Rcheck/00_pkg_src/gooseR/R/cache.R
 delete mode 100644 gooseR.Rcheck/00_pkg_src/gooseR/R/cli_integration.R
 delete mode 100644 gooseR.Rcheck/00_pkg_src/gooseR/R/globals.R
 delete mode 100644 gooseR.Rcheck/00_pkg_src/gooseR/R/gooseR-package.R
 delete mode 100644 gooseR.Rcheck/00_pkg_src/gooseR/R/memory.R
 delete mode 100644 gooseR.Rcheck/00_pkg_src/gooseR/R/quarto_integration.R
 delete mode 100644 gooseR.Rcheck/00_pkg_src/gooseR/R/streaming.R
 delete mode 100644 gooseR.Rcheck/00_pkg_src/gooseR/R/templates.R
 delete mode 100644 gooseR.Rcheck/00_pkg_src/gooseR/R/ui_components.R
 delete mode 100644 gooseR.Rcheck/00_pkg_src/gooseR/R/utils-pipe.R
 delete mode 100644 gooseR.Rcheck/00_pkg_src/gooseR/README.md
 delete mode 100644 gooseR.Rcheck/00_pkg_src/gooseR/build/vignette.rds
 delete mode 100644 gooseR.Rcheck/00_pkg_src/gooseR/inst/CITATION
 delete mode 100644 gooseR.Rcheck/00_pkg_src/gooseR/inst/brands/block/block_brand.yaml
 delete mode 100644 gooseR.Rcheck/00_pkg_src/gooseR/inst/brands/templates/brand_template.yaml
 delete mode 100644 gooseR.Rcheck/00_pkg_src/gooseR/inst/doc/gooseR-overview.R
 delete mode 100644 gooseR.Rcheck/00_pkg_src/gooseR/inst/doc/gooseR-overview.Rmd
 delete mode 100644 gooseR.Rcheck/00_pkg_src/gooseR/inst/doc/gooseR-overview.html
 delete mode 100644 gooseR.Rcheck/00_pkg_src/gooseR/inst/doc/use-case-demo.R
 delete mode 100644 gooseR.Rcheck/00_pkg_src/gooseR/inst/doc/use-case-demo.Rmd
 delete mode 100644 gooseR.Rcheck/00_pkg_src/gooseR/inst/doc/use-case-demo.html
 delete mode 100644 gooseR.Rcheck/00_pkg_src/gooseR/inst/examples/block_brand_demo.R
 delete mode 100644 gooseR.Rcheck/00_pkg_src/gooseR/inst/examples/branding_demo.R
 delete mode 100644 gooseR.Rcheck/00_pkg_src/gooseR/inst/examples/memory_demo.R
 delete mode 100644 gooseR.Rcheck/00_pkg_src/gooseR/inst/examples/phase3_cli_demo.R
 delete mode 100644 gooseR.Rcheck/00_pkg_src/gooseR/inst/examples/phase4_advanced_demo.R
 delete mode 100644 gooseR.Rcheck/00_pkg_src/gooseR/inst/examples/phase5_demo.R
 delete mode 100644 gooseR.Rcheck/00_pkg_src/gooseR/inst/examples/test_gooseR_phase3.R
 delete mode 100644 gooseR.Rcheck/00_pkg_src/gooseR/inst/rstudio/addins.dcf
 delete mode 100644 gooseR.Rcheck/00_pkg_src/gooseR/man/StreamHandler.Rd
 delete mode 100644 gooseR.Rcheck/00_pkg_src/gooseR/man/StreamSession.Rd
 delete mode 100644 gooseR.Rcheck/00_pkg_src/gooseR/man/WorkerPool.Rd
 delete mode 100644 gooseR.Rcheck/00_pkg_src/gooseR/man/blend_colors.Rd
 delete mode 100644 gooseR.Rcheck/00_pkg_src/gooseR/man/brand_css.Rd
 delete mode 100644 gooseR.Rcheck/00_pkg_src/gooseR/man/brand_css_inline.Rd
 delete mode 100644 gooseR.Rcheck/00_pkg_src/gooseR/man/brand_palette.Rd
 delete mode 100644 gooseR.Rcheck/00_pkg_src/gooseR/man/brand_rmd_template.Rd
 delete mode 100644 gooseR.Rcheck/00_pkg_src/gooseR/man/clean_documentation.Rd
 delete mode 100644 gooseR.Rcheck/00_pkg_src/gooseR/man/create_memory_entry.Rd
 delete mode 100644 gooseR.Rcheck/00_pkg_src/gooseR/man/extract_font_suggestions.Rd
 delete mode 100644 gooseR.Rcheck/00_pkg_src/gooseR/man/extract_hex_colors.Rd
 delete mode 100644 gooseR.Rcheck/00_pkg_src/gooseR/man/extract_r_code.Rd
 delete mode 100644 gooseR.Rcheck/00_pkg_src/gooseR/man/extract_section.Rd
 delete mode 100644 gooseR.Rcheck/00_pkg_src/gooseR/man/extract_session_id.Rd
 delete mode 100644 gooseR.Rcheck/00_pkg_src/gooseR/man/generate_diverging_palette.Rd
 delete mode 100644 gooseR.Rcheck/00_pkg_src/gooseR/man/generate_sequential_palette.Rd
 delete mode 100644 gooseR.Rcheck/00_pkg_src/gooseR/man/get_brand_dir.Rd
 delete mode 100644 gooseR.Rcheck/00_pkg_src/gooseR/man/get_memory_path.Rd
 delete mode 100644 gooseR.Rcheck/00_pkg_src/gooseR/man/gooseR-branding.Rd
 delete mode 100644 gooseR.Rcheck/00_pkg_src/gooseR/man/gooseR-package.Rd
 delete mode 100644 gooseR.Rcheck/00_pkg_src/gooseR/man/goose_addin_chat.Rd
 delete mode 100644 gooseR.Rcheck/00_pkg_src/gooseR/man/goose_addin_quick.Rd
 delete mode 100644 gooseR.Rcheck/00_pkg_src/gooseR/man/goose_addin_review.Rd
 delete mode 100644 gooseR.Rcheck/00_pkg_src/gooseR/man/goose_addin_snippet.Rd
 delete mode 100644 gooseR.Rcheck/00_pkg_src/gooseR/man/goose_addin_template.Rd
 delete mode 100644 gooseR.Rcheck/00_pkg_src/gooseR/man/goose_ask.Rd
 delete mode 100644 gooseR.Rcheck/00_pkg_src/gooseR/man/goose_async.Rd
 delete mode 100644 gooseR.Rcheck/00_pkg_src/gooseR/man/goose_async_retry.Rd
 delete mode 100644 gooseR.Rcheck/00_pkg_src/gooseR/man/goose_async_timeout.Rd
 delete mode 100644 gooseR.Rcheck/00_pkg_src/gooseR/man/goose_batch.Rd
 delete mode 100644 gooseR.Rcheck/00_pkg_src/gooseR/man/goose_batch_file.Rd
 delete mode 100644 gooseR.Rcheck/00_pkg_src/gooseR/man/goose_cache_clear.Rd
 delete mode 100644 gooseR.Rcheck/00_pkg_src/gooseR/man/goose_cache_export.Rd
 delete mode 100644 gooseR.Rcheck/00_pkg_src/gooseR/man/goose_cache_get.Rd
 delete mode 100644 gooseR.Rcheck/00_pkg_src/gooseR/man/goose_cache_import.Rd
 delete mode 100644 gooseR.Rcheck/00_pkg_src/gooseR/man/goose_cache_init.Rd
 delete mode 100644 gooseR.Rcheck/00_pkg_src/gooseR/man/goose_cache_set.Rd
 delete mode 100644 gooseR.Rcheck/00_pkg_src/gooseR/man/goose_cache_stats.Rd
 delete mode 100644 gooseR.Rcheck/00_pkg_src/gooseR/man/goose_cache_ui.Rd
 delete mode 100644 gooseR.Rcheck/00_pkg_src/gooseR/man/goose_cache_warmup.Rd
 delete mode 100644 gooseR.Rcheck/00_pkg_src/gooseR/man/goose_cached.Rd
 delete mode 100644 gooseR.Rcheck/00_pkg_src/gooseR/man/goose_check_installation.Rd
 delete mode 100644 gooseR.Rcheck/00_pkg_src/gooseR/man/goose_configure.Rd
 delete mode 100644 gooseR.Rcheck/00_pkg_src/gooseR/man/goose_conversation_ui.Rd
 delete mode 100644 gooseR.Rcheck/00_pkg_src/gooseR/man/goose_create_brand.Rd
 delete mode 100644 gooseR.Rcheck/00_pkg_src/gooseR/man/goose_create_brand_ai.Rd
 delete mode 100644 gooseR.Rcheck/00_pkg_src/gooseR/man/goose_create_quarto.Rd
 delete mode 100644 gooseR.Rcheck/00_pkg_src/gooseR/man/goose_create_report.Rd
 delete mode 100644 gooseR.Rcheck/00_pkg_src/gooseR/man/goose_create_template.Rd
 delete mode 100644 gooseR.Rcheck/00_pkg_src/gooseR/man/goose_delete.Rd
 delete mode 100644 gooseR.Rcheck/00_pkg_src/gooseR/man/goose_document.Rd
 delete mode 100644 gooseR.Rcheck/00_pkg_src/gooseR/man/goose_explain_error.Rd
 delete mode 100644 gooseR.Rcheck/00_pkg_src/gooseR/man/goose_generate_tests.Rd
 delete mode 100644 gooseR.Rcheck/00_pkg_src/gooseR/man/goose_get_config.Rd
 delete mode 100644 gooseR.Rcheck/00_pkg_src/gooseR/man/goose_insert_chunk.Rd
 delete mode 100644 gooseR.Rcheck/00_pkg_src/gooseR/man/goose_list.Rd
 delete mode 100644 gooseR.Rcheck/00_pkg_src/gooseR/man/goose_load.Rd
 delete mode 100644 gooseR.Rcheck/00_pkg_src/gooseR/man/goose_map.Rd
 delete mode 100644 gooseR.Rcheck/00_pkg_src/gooseR/man/goose_mapreduce.Rd
 delete mode 100644 gooseR.Rcheck/00_pkg_src/gooseR/man/goose_optimize_palette.Rd
 delete mode 100644 gooseR.Rcheck/00_pkg_src/gooseR/man/goose_optimize_plot.Rd
 delete mode 100644 gooseR.Rcheck/00_pkg_src/gooseR/man/goose_pipeline.Rd
 delete mode 100644 gooseR.Rcheck/00_pkg_src/gooseR/man/goose_quarto_chunk.Rd
 delete mode 100644 gooseR.Rcheck/00_pkg_src/gooseR/man/goose_query.Rd
 delete mode 100644 gooseR.Rcheck/00_pkg_src/gooseR/man/goose_recipe.Rd
 delete mode 100644 gooseR.Rcheck/00_pkg_src/gooseR/man/goose_reduce.Rd
 delete mode 100644 gooseR.Rcheck/00_pkg_src/gooseR/man/goose_review_code.Rd
 delete mode 100644 gooseR.Rcheck/00_pkg_src/gooseR/man/goose_rmd_ai.Rd
 delete mode 100644 gooseR.Rcheck/00_pkg_src/gooseR/man/goose_save.Rd
 delete mode 100644 gooseR.Rcheck/00_pkg_src/gooseR/man/goose_session.Rd
 delete mode 100644 gooseR.Rcheck/00_pkg_src/gooseR/man/goose_stream.Rd
 delete mode 100644 gooseR.Rcheck/00_pkg_src/gooseR/man/goose_stream_async.Rd
 delete mode 100644 gooseR.Rcheck/00_pkg_src/gooseR/man/goose_stream_multi.Rd
 delete mode 100644 gooseR.Rcheck/00_pkg_src/gooseR/man/goose_stream_session.Rd
 delete mode 100644 gooseR.Rcheck/00_pkg_src/gooseR/man/goose_suggest_colors.Rd
 delete mode 100644 gooseR.Rcheck/00_pkg_src/gooseR/man/goose_template.Rd
 delete mode 100644 gooseR.Rcheck/00_pkg_src/gooseR/man/goose_template_apply.Rd
 delete mode 100644 gooseR.Rcheck/00_pkg_src/gooseR/man/goose_template_builtin.Rd
 delete mode 100644 gooseR.Rcheck/00_pkg_src/gooseR/man/goose_template_from_query.Rd
 delete mode 100644 gooseR.Rcheck/00_pkg_src/gooseR/man/goose_template_list.Rd
 delete mode 100644 gooseR.Rcheck/00_pkg_src/gooseR/man/goose_template_load.Rd
 delete mode 100644 gooseR.Rcheck/00_pkg_src/gooseR/man/goose_template_save.Rd
 delete mode 100644 gooseR.Rcheck/00_pkg_src/gooseR/man/goose_template_validate.Rd
 delete mode 100644 gooseR.Rcheck/00_pkg_src/gooseR/man/goose_test_cli.Rd
 delete mode 100644 gooseR.Rcheck/00_pkg_src/gooseR/man/goose_version.Rd
 delete mode 100644 gooseR.Rcheck/00_pkg_src/gooseR/man/goose_worker_pool.Rd
 delete mode 100644 gooseR.Rcheck/00_pkg_src/gooseR/man/load_brand.Rd
 delete mode 100644 gooseR.Rcheck/00_pkg_src/gooseR/man/parse_code_review.Rd
 delete mode 100644 gooseR.Rcheck/00_pkg_src/gooseR/man/parse_memory_file.Rd
 delete mode 100644 gooseR.Rcheck/00_pkg_src/gooseR/man/parse_session_list.Rd
 delete mode 100644 gooseR.Rcheck/00_pkg_src/gooseR/man/pipe.Rd
 delete mode 100644 gooseR.Rcheck/00_pkg_src/gooseR/man/preview_brand.Rd
 delete mode 100644 gooseR.Rcheck/00_pkg_src/gooseR/man/print.goose_cache_stats.Rd
 delete mode 100644 gooseR.Rcheck/00_pkg_src/gooseR/man/print.goose_code_review.Rd
 delete mode 100644 gooseR.Rcheck/00_pkg_src/gooseR/man/print.goose_error_explanation.Rd
 delete mode 100644 gooseR.Rcheck/00_pkg_src/gooseR/man/print.goose_palette.Rd
 delete mode 100644 gooseR.Rcheck/00_pkg_src/gooseR/man/print.goose_session.Rd
 delete mode 100644 gooseR.Rcheck/00_pkg_src/gooseR/man/print.goose_template.Rd
 delete mode 100644 gooseR.Rcheck/00_pkg_src/gooseR/man/register_goose_engine.Rd
 delete mode 100644 gooseR.Rcheck/00_pkg_src/gooseR/man/remove_entry_from_lines.Rd
 delete mode 100644 gooseR.Rcheck/00_pkg_src/gooseR/man/remove_memory_entry.Rd
 delete mode 100644 gooseR.Rcheck/00_pkg_src/gooseR/man/theme_brand.Rd
 delete mode 100644 gooseR.Rcheck/00_pkg_src/gooseR/man/update_memory_metadata.Rd
 delete mode 100644 gooseR.Rcheck/00_pkg_src/gooseR/man/validate_brand.Rd
 delete mode 100644 gooseR.Rcheck/00_pkg_src/gooseR/tests/manual/comprehensive_test.R
 delete mode 100644 gooseR.Rcheck/00_pkg_src/gooseR/tests/manual/final_test.R
 delete mode 100644 gooseR.Rcheck/00_pkg_src/gooseR/tests/manual/test_fixed.R
 delete mode 100644 gooseR.Rcheck/00_pkg_src/gooseR/tests/manual/test_phase4.R
 delete mode 100644 gooseR.Rcheck/00_pkg_src/gooseR/tests/testthat.R
 delete mode 100644 gooseR.Rcheck/00_pkg_src/gooseR/tests/testthat/test-memory.R
 delete mode 100644 gooseR.Rcheck/00_pkg_src/gooseR/vignettes/gooseR-overview.Rmd
 delete mode 100644 gooseR.Rcheck/00_pkg_src/gooseR/vignettes/use-case-demo.Rmd
 delete mode 100644 gooseR.Rcheck/00check.log
 delete mode 100644 gooseR.Rcheck/00install.out
 delete mode 100755 gooseR.Rcheck/R_check_bin/R
 delete mode 100755 gooseR.Rcheck/R_check_bin/Rscript
 delete mode 100644 gooseR.Rcheck/gooseR-Ex.R
 delete mode 100644 gooseR.Rcheck/gooseR-Ex.Rout
 delete mode 100644 gooseR.Rcheck/gooseR-Ex.pdf
 delete mode 100644 gooseR.Rcheck/gooseR-Ex.timings
 delete mode 100644 gooseR.Rcheck/gooseR/CITATION
 delete mode 100644 gooseR.Rcheck/gooseR/DESCRIPTION
 delete mode 100644 gooseR.Rcheck/gooseR/INDEX
 delete mode 100644 gooseR.Rcheck/gooseR/LICENSE
 delete mode 100644 gooseR.Rcheck/gooseR/Meta/Rd.rds
 delete mode 100644 gooseR.Rcheck/gooseR/Meta/features.rds
 delete mode 100644 gooseR.Rcheck/gooseR/Meta/hsearch.rds
 delete mode 100644 gooseR.Rcheck/gooseR/Meta/links.rds
 delete mode 100644 gooseR.Rcheck/gooseR/Meta/nsInfo.rds
 delete mode 100644 gooseR.Rcheck/gooseR/Meta/package.rds
 delete mode 100644 gooseR.Rcheck/gooseR/Meta/vignette.rds
 delete mode 100644 gooseR.Rcheck/gooseR/NAMESPACE
 delete mode 100644 gooseR.Rcheck/gooseR/NEWS.md
 delete mode 100644 gooseR.Rcheck/gooseR/R/gooseR
 delete mode 100644 gooseR.Rcheck/gooseR/R/gooseR.rdb
 delete mode 100644 gooseR.Rcheck/gooseR/R/gooseR.rdx
 delete mode 100644 gooseR.Rcheck/gooseR/brands/block/block_brand.yaml
 delete mode 100644 gooseR.Rcheck/gooseR/brands/templates/brand_template.yaml
 delete mode 100644 gooseR.Rcheck/gooseR/doc/gooseR-overview.R
 delete mode 100644 gooseR.Rcheck/gooseR/doc/gooseR-overview.Rmd
 delete mode 100644 gooseR.Rcheck/gooseR/doc/gooseR-overview.html
 delete mode 100644 gooseR.Rcheck/gooseR/doc/index.html
 delete mode 100644 gooseR.Rcheck/gooseR/doc/use-case-demo.R
 delete mode 100644 gooseR.Rcheck/gooseR/doc/use-case-demo.Rmd
 delete mode 100644 gooseR.Rcheck/gooseR/doc/use-case-demo.html
 delete mode 100644 gooseR.Rcheck/gooseR/examples/block_brand_demo.R
 delete mode 100644 gooseR.Rcheck/gooseR/examples/branding_demo.R
 delete mode 100644 gooseR.Rcheck/gooseR/examples/memory_demo.R
 delete mode 100644 gooseR.Rcheck/gooseR/examples/phase3_cli_demo.R
 delete mode 100644 gooseR.Rcheck/gooseR/examples/phase4_advanced_demo.R
 delete mode 100644 gooseR.Rcheck/gooseR/examples/phase5_demo.R
 delete mode 100644 gooseR.Rcheck/gooseR/examples/test_gooseR_phase3.R
 delete mode 100644 gooseR.Rcheck/gooseR/help/AnIndex
 delete mode 100644 gooseR.Rcheck/gooseR/help/aliases.rds
 delete mode 100644 gooseR.Rcheck/gooseR/help/gooseR.rdb
 delete mode 100644 gooseR.Rcheck/gooseR/help/gooseR.rdx
 delete mode 100644 gooseR.Rcheck/gooseR/help/paths.rds
 delete mode 100644 gooseR.Rcheck/gooseR/html/00Index.html
 delete mode 100644 gooseR.Rcheck/gooseR/html/R.css
 delete mode 100644 gooseR.Rcheck/gooseR/rstudio/addins.dcf
 delete mode 100644 gooseR.Rcheck/tests/manual/comprehensive_test.R
 delete mode 100644 gooseR.Rcheck/tests/manual/final_test.R
 delete mode 100644 gooseR.Rcheck/tests/manual/test_fixed.R
 delete mode 100644 gooseR.Rcheck/tests/manual/test_phase4.R
 delete mode 100644 gooseR.Rcheck/tests/startup.Rs
 delete mode 100644 gooseR.Rcheck/tests/testthat.R
 delete mode 100644 gooseR.Rcheck/tests/testthat.Rout
 delete mode 100644 gooseR.Rcheck/tests/testthat/test-memory.R
 create mode 100644 tools/check_helpers/run_brand_selftest.R
 create mode 100644 tools/check_helpers/run_multi_os_preflight.R
 create mode 100644 tools/check_helpers/run_rhub_check.R
 create mode 100644 tools/check_helpers/run_rhub_v2.R
 create mode 100644 tools/check_helpers/run_rhub_v2_submit.R
 create mode 100644 tools/check_helpers/run_smoke_tests.R
 create mode 100644 tools/check_helpers/run_ui_and_cache_tests.R
 create mode 100644 tools/check_helpers/setup_rhub_workflow.R
 create mode 100644 v0.1.1_dependency_slimming_plan.md
error: cannot pull with rebase: You have unstaged changes.
error: Please commit or stash them.
To https://github.com/blockbtheriault/gooseR.git
 ! [rejected]        main_branch -> main_branch (non-fast-forward)
error: failed to push some refs to 'https://github.com/blockbtheriault/gooseR.git'
hint: Updates were rejected because the tip of your current branch is behind
hint: its remote counterpart. If you want to integrate the remote changes,
hint: use 'git pull' before pushing again.
hint: See the 'Note about fast-forwards' in 'git push --help' for details.
