== R-hub v2 submission ==

-- rhub_doctor() --
<rlib_error_3_1/rlib_error/error>
Error: 
! Could not find R-hub's workflow file in the repository at
<https://github.com/blockbtheriault/gooseR.git>.
ℹ The workflow file must be at '.github/workflows/rhub.yaml'.
ℹ If you have added and committed the workflow file, you need to push the
  commit to GitHub with `git push`.

Validated emails (if any):
NULL

Validating email for: btheriault@block.xyz 
NULL

Please check your inbox for a R-hub validation email and complete the confirmation.

-- Submitting: windows --
NULL

-- Submitting: ubuntu --
NULL

-- Submitting: fedora --
NULL

Submission URLs (if any):
character(0)

== R-hub v2 submission script complete ==
