== Multi-OS preflight start ==

-- check_win_release() --
── R CMD build ─────────────────────────────────────────────────────────────────
* checking for file ‘/Users/btheriault/Documents/R/gooseR/DESCRIPTION’ ... OK
* preparing ‘gooseR’:
* checking DESCRIPTION meta-information ... OK
* installing the package to build vignettes
* creating vignettes ... OK
* checking for LF line-endings in source and make files and shell scripts
* checking for empty or unneeded directories
* building ‘gooseR_0.1.0.tar.gz’

────────────────────────────────────────────────────────────────────────────────
NULL

-- check_win_devel() --
── R CMD build ─────────────────────────────────────────────────────────────────
* checking for file ‘/Users/btheriault/Documents/R/gooseR/DESCRIPTION’ ... OK
* preparing ‘gooseR’:
* checking DESCRIPTION meta-information ... OK
* installing the package to build vignettes
* creating vignettes ... OK
* checking for LF line-endings in source and make files and shell scripts
* checking for empty or unneeded directories
* building ‘gooseR_0.1.0.tar.gz’

────────────────────────────────────────────────────────────────────────────────
NULL

[rhub] Package not installed; skipping R-hub run.

== URLs / identifiers ==
$win_release
character(0)

$win_devel
character(0)

$rhub
[1] "skipped (rhub not installed/configured)"


== Multi-OS preflight complete ==
