== Removing .goose directory if present ==
Found .goose directory, removing...

== Rebuilding package without hidden files ==
* checking for file ‘./DESCRIPTION’ ... OK
* preparing ‘gooseR’:
* checking DESCRIPTION meta-information ... OK
* installing the package to build vignettes
* creating vignettes ... OK
* checking for LF line-endings in source and make files and shell scripts
* checking for empty or unneeded directories
* building ‘gooseR_0.1.0.tar.gz’

== Verifying no hidden files in tarball ==
No hidden files found (good!)

== Quick check for hidden files NOTE ==
* checking for hidden files and directories ... OK
* checking for portable file names ... OK
* checking for sufficient/correct file permissions ... OK
* checking serialization versions ... OK

Package ready for resubmission: gooseR_0.1.0.tar.gz
-rw-r--r--@ 1 btheriault  staff   139K Dec  3 11:15 gooseR_0.1.0.tar.gz
