== Git repo status before push ==
On branch main_branch
Your branch and 'origin/main_branch' have diverged,
and have 2 and 3 different commits each, respectively.
  (use "git pull" if you want to integrate the remote branch with yours)

Changes not staged for commit:
  (use "git add <file>..." to update what will be committed)
  (use "git restore <file>..." to discard changes in working directory)
	modified:   .Rbuildignore
	modified:   DESCRIPTION
	modified:   NAMESPACE
	modified:   NEWS.md
	modified:   R/addins.R
	modified:   R/memory.R
	modified:   R/quarto_integration.R
	modified:   R/streaming.R
	modified:   R/ui_components.R
	modified:   README.md
	modified:   gooseR.Rcheck/00_pkg_src/gooseR/DESCRIPTION
	modified:   gooseR.Rcheck/00_pkg_src/gooseR/NAMESPACE
	modified:   gooseR.Rcheck/00_pkg_src/gooseR/NEWS.md
	modified:   gooseR.Rcheck/00_pkg_src/gooseR/R/addins.R
	modified:   gooseR.Rcheck/00_pkg_src/gooseR/R/branding.R
	modified:   gooseR.Rcheck/00_pkg_src/gooseR/R/globals.R
	modified:   gooseR.Rcheck/00_pkg_src/gooseR/R/memory.R
	modified:   gooseR.Rcheck/00_pkg_src/gooseR/R/quarto_integration.R
	modified:   gooseR.Rcheck/00_pkg_src/gooseR/R/streaming.R
	modified:   gooseR.Rcheck/00_pkg_src/gooseR/R/ui_components.R
	modified:   gooseR.Rcheck/00_pkg_src/gooseR/README.md
	modified:   gooseR.Rcheck/00_pkg_src/gooseR/inst/CITATION
	modified:   gooseR.Rcheck/00_pkg_src/gooseR/inst/doc/use-case-demo.html
	modified:   gooseR.Rcheck/00_pkg_src/gooseR/man/gooseR-package.Rd
	modified:   gooseR.Rcheck/00_pkg_src/gooseR/tests/testthat/test-memory.R
	modified:   gooseR.Rcheck/00check.log
	modified:   gooseR.Rcheck/gooseR-Ex.Rout
	modified:   gooseR.Rcheck/gooseR-Ex.pdf
	modified:   gooseR.Rcheck/gooseR-Ex.timings
	modified:   gooseR.Rcheck/gooseR/CITATION
	modified:   gooseR.Rcheck/gooseR/DESCRIPTION
	modified:   gooseR.Rcheck/gooseR/Meta/nsInfo.rds
	modified:   gooseR.Rcheck/gooseR/Meta/package.rds
	modified:   gooseR.Rcheck/gooseR/NAMESPACE
	modified:   gooseR.Rcheck/gooseR/NEWS.md
	modified:   gooseR.Rcheck/gooseR/R/gooseR.rdb
	modified:   gooseR.Rcheck/gooseR/R/gooseR.rdx
	modified:   gooseR.Rcheck/gooseR/doc/use-case-demo.html
	modified:   gooseR.Rcheck/gooseR/help/gooseR.rdb
	modified:   gooseR.Rcheck/gooseR/help/gooseR.rdx
	modified:   gooseR.Rcheck/tests/testthat.Rout
	modified:   gooseR.Rcheck/tests/testthat/test-memory.R
	modified:   gooseR_0.1.0.tar.gz
	modified:   inst/CITATION
	modified:   man/gooseR-package.Rd
	modified:   tests/testthat/test-memory.R

Untracked files:
  (use "git add <file>..." to include in what will be committed)
	check_logs/
	cran-comments.md
	gooseR.Rcheck/Rdlatex.log
	gooseR.Rcheck/gooseR-manual.log
	gooseR.Rcheck/gooseR-manual.pdf
	tools/check_helpers/
	v0.1.1_dependency_slimming_plan.md

no changes added to commit (use "git add" and/or "git commit -a")
  fix/branding-block 7d6a679 [origin/fix/branding-block: gone] feat(branding): enforce sans-serif chain + monochrome Block palettes; add tools/generate_block_brand_images.R; regenerate README assets (block_line_chart.png, block_bar_chart.png); clarify font compliance in README
  fix/branding-fonts e2c77a1 [origin/fix/branding-fonts] Update README to simplify font installation guidance
* main_branch        c18daab [origin/main_branch: ahead 2, behind 3] ci(rhub): add R-hub v2 workflow
origin	https://github.com/blockbtheriault/gooseR.git (fetch)
origin	https://github.com/blockbtheriault/gooseR.git (push)
From https://github.com/blockbtheriault/gooseR
   a0584f5..0e32a28  main_branch -> origin/main_branch
error: cannot pull with rebase: You have unstaged changes.
error: Please commit or stash them.
To https://github.com/blockbtheriault/gooseR.git
 ! [rejected]        main_branch -> main_branch (non-fast-forward)
error: failed to push some refs to 'https://github.com/blockbtheriault/gooseR.git'
hint: Updates were rejected because the tip of your current branch is behind
hint: its remote counterpart. If you want to integrate the remote changes,
hint: use 'git pull' before pushing again.
hint: See the 'Note about fast-forwards' in 'git push --help' for details.
