
== Package Structure Check ==
gooseR/.goose/
gooseR/.goose/memory/
gooseR/.goose/memory/r_objects.txt
gooseR/DESCRIPTION
gooseR/LICENSE
gooseR/NAMESPACE
gooseR/NEWS.md
gooseR/R/
gooseR/R/addins.R
gooseR/R/ai_assistant.R
gooseR/R/async.R
gooseR/R/branding.R
gooseR/R/cache.R
gooseR/R/cli_integration.R
gooseR/R/globals.R
gooseR/R/gooseR-package.R
gooseR/R/memory.R
gooseR/R/quarto_integration.R
gooseR/R/streaming.R
gooseR/R/templates.R
...
Total files in package:
     158

== All Local Tests Complete ==
Wed Dec  3 10:41:36 PST 2025
